// Jest Snapshot v1, https://goo.gl/fbAQLP

exports[`ohmCalculator should match the snapshot 1`] = `ShallowWrapper {}`;
